 ⚠ Fast Refresh had to perform a full reload due to a runtime error.
<w> [webpack.cache.PackFileCacheStrategy] Caching failed for pack: Error: ENOENT: no such file or directory, lstat 'C:\Users\Administrator\PycharmProjects\Jarvis\packages\home\.next\server\vendor-chunks\get-nonce.js'
<w> [webpack.cache.PackFileCacheStrategy/webpack.FileSystemInfo] Resolving './vendor-chunks/get-nonce' in C:\Users\Administrator\PycharmProjects\Jarvis\packages\home\.next\server for build dependencies doesn't lead to expected result 'C:\Users\Administrator\PycharmProjects\Jarvis\packages\home\.next\server\vendor-chunks\get-nonce.js', but to 'Error: Can't resolve './vendor-chunks/get-nonce' in 'C:\Users\Administrator\PycharmProjects\Jarvis\packages\home\.next\server'' instead. Resolving dependencies are ignored for this path.
<w>  at resolve commonjs file ./vendor-chunks/get-nonce (expected C:\Users\Administrator\PycharmProjects\Jarvis\packages\home\.next\server\vendor-chunks\get-nonce.js)
<w>  at file dependencies C:\Users\Administrator\PycharmProjects\Jarvis\packages\home\.next\server\webpack-runtime.js
<w>  at file C:\Users\Administrator\PycharmProjects\Jarvis\packages\home\.next\server\webpack-runtime.js
<w>  at file dependencies C:\Users\Administrator\PycharmProjects\Jarvis\packages\home\.next\server\app\page.js
<w>  at file C:\Users\Administrator\PycharmProjects\Jarvis\packages\home\.next\server\app\page.js
<w>  at file dependencies C:\Users\Administrator\PycharmProjects\Jarvis\packages\home\node_modules\next\dist\server\require.js
<w>  at file C:\Users\Administrator\PycharmProjects\Jarvis\packages\home\node_modules\next\dist\server\require.js
<w>  at file dependencies C:\Users\Administrator\PycharmProjects\Jarvis\packages\home\node_modules\next\dist\server\load-components.js
<w>  at file C:\Users\Administrator\PycharmProjects\Jarvis\packages\home\node_modules\next\dist\server\load-components.js
<w>  at file dependencies C:\Users\Administrator\PycharmProjects\Jarvis\packages\home\node_modules\next\dist\build\utils.js
<w>  at file C:\Users\Administrator\PycharmProjects\Jarvis\packages\home\node_modules\next\dist\build\utils.js
<w>  at file dependencies C:\Users\Administrator\PycharmProjects\Jarvis\packages\home\node_modules\next\dist\build\handle-externals.js
<w>  at file C:\Users\Administrator\PycharmProjects\Jarvis\packages\home\node_modules\next\dist\build\handle-externals.js
<w>  at file dependencies C:\Users\Administrator\PycharmProjects\Jarvis\packages\home\node_modules\next\dist\build\webpack\loaders\next-swc-loader.js
<w>  at file C:\Users\Administrator\PycharmProjects\Jarvis\packages\home\node_modules\next\dist\build\webpack\loaders\next-swc-loader.js
<w>  at resolve commonjs C:\Users\Administrator\PycharmProjects\Jarvis\packages\home\node_modules\next\dist\build\webpack\loaders\next-swc-loader.js
<w> [webpack.cache.PackFileCacheStrategy/webpack.FileSystemInfo] Resolving './vendor-chunks/clsx' in C:\Users\Administrator\PycharmProjects\Jarvis\packages\home\.next\server for build dependencies doesn't lead to expected result 'C:\Users\Administrator\PycharmProjects\Jarvis\packages\home\.next\server\vendor-chunks\clsx.js', but to 'Error: Can't resolve './vendor-chunks/clsx' in 'C:\Users\Administrator\PycharmProjects\Jarvis\packages\home\.next\server'' instead. Resolving dependencies are ignored for this path.
<w>  at resolve commonjs file ./vendor-chunks/clsx (expected C:\Users\Administrator\PycharmProjects\Jarvis\packages\home\.next\server\vendor-chunks\clsx.js)
<w>  at file dependencies C:\Users\Administrator\PycharmProjects\Jarvis\packages\home\.next\server\webpack-runtime.js
<w>  at file C:\Users\Administrator\PycharmProjects\Jarvis\packages\home\.next\server\webpack-runtime.js
<w>  at file dependencies C:\Users\Administrator\PycharmProjects\Jarvis\packages\home\.next\server\app\page.js
<w>  at file C:\Users\Administrator\PycharmProjects\Jarvis\packages\home\.next\server\app\page.js
<w>  at file dependencies C:\Users\Administrator\PycharmProjects\Jarvis\packages\home\node_modules\next\dist\server\require.js
<w>  at file C:\Users\Administrator\PycharmProjects\Jarvis\packages\home\node_modules\next\dist\server\require.js
<w>  at file dependencies C:\Users\Administrator\PycharmProjects\Jarvis\packages\home\node_modules\next\dist\server\load-components.js
<w>  at file C:\Users\Administrator\PycharmProjects\Jarvis\packages\home\node_modules\next\dist\server\load-components.js
<w>  at file dependencies C:\Users\Administrator\PycharmProjects\Jarvis\packages\home\node_modules\next\dist\build\utils.js
<w>  at file C:\Users\Administrator\PycharmProjects\Jarvis\packages\home\node_modules\next\dist\build\utils.js
<w>  at file dependencies C:\Users\Administrator\PycharmProjects\Jarvis\packages\home\node_modules\next\dist\build\handle-externals.js
<w>  at file C:\Users\Administrator\PycharmProjects\Jarvis\packages\home\node_modules\next\dist\build\handle-externals.js
<w>  at file dependencies C:\Users\Administrator\PycharmProjects\Jarvis\packages\home\node_modules\next\dist\build\webpack\loaders\next-swc-loader.js
<w>  at file C:\Users\Administrator\PycharmProjects\Jarvis\packages\home\node_modules\next\dist\build\webpack\loaders\next-swc-loader.js
<w>  at resolve commonjs C:\Users\Administrator\PycharmProjects\Jarvis\packages\home\node_modules\next\dist\build\webpack\loaders\next-swc-loader.js
<w> [webpack.cache.PackFileCacheStrategy/webpack.FileSystemInfo] Resolving './vendor-chunks/motion-utils' in C:\Users\Administrator\PycharmProjects\Jarvis\packages\home\.next\server for build dependencies doesn't lead to expected result 'C:\Users\Administrator\PycharmProjects\Jarvis\packages\home\.next\server\vendor-chunks\motion-utils.js', but to 'Error: Can't resolve './vendor-chunks/motion-utils' in 'C:\Users\Administrator\PycharmProjects\Jarvis\packages\home\.next\server'' instead. Resolving dependencies are ignored for this path.
<w>  at resolve commonjs file ./vendor-chunks/motion-utils (expected C:\Users\Administrator\PycharmProjects\Jarvis\packages\home\.next\server\vendor-chunks\motion-utils.js)
<w>  at file dependencies C:\Users\Administrator\PycharmProjects\Jarvis\packages\home\.next\server\webpack-runtime.js
<w>  at file C:\Users\Administrator\PycharmProjects\Jarvis\packages\home\.next\server\webpack-runtime.js
<w>  at file dependencies C:\Users\Administrator\PycharmProjects\Jarvis\packages\home\.next\server\app\page.js
<w>  at file C:\Users\Administrator\PycharmProjects\Jarvis\packages\home\.next\server\app\page.js
<w>  at file dependencies C:\Users\Administrator\PycharmProjects\Jarvis\packages\home\node_modules\next\dist\server\require.js
<w>  at file C:\Users\Administrator\PycharmProjects\Jarvis\packages\home\node_modules\next\dist\server\require.js
<w>  at file dependencies C:\Users\Administrator\PycharmProjects\Jarvis\packages\home\node_modules\next\dist\server\load-components.js
<w>  at file C:\Users\Administrator\PycharmProjects\Jarvis\packages\home\node_modules\next\dist\server\load-components.js
<w>  at file dependencies C:\Users\Administrator\PycharmProjects\Jarvis\packages\home\node_modules\next\dist\build\utils.js
<w>  at file C:\Users\Administrator\PycharmProjects\Jarvis\packages\home\node_modules\next\dist\build\utils.js
<w>  at file dependencies C:\Users\Administrator\PycharmProjects\Jarvis\packages\home\node_modules\next\dist\build\handle-externals.js
<w>  at file C:\Users\Administrator\PycharmProjects\Jarvis\packages\home\node_modules\next\dist\build\handle-externals.js
<w>  at file dependencies C:\Users\Administrator\PycharmProjects\Jarvis\packages\home\node_modules\next\dist\build\webpack\loaders\next-swc-loader.js
<w>  at file C:\Users\Administrator\PycharmProjects\Jarvis\packages\home\node_modules\next\dist\build\webpack\loaders\next-swc-loader.js
<w>  at resolve commonjs C:\Users\Administrator\PycharmProjects\Jarvis\packages\home\node_modules\next\dist\build\webpack\loaders\next-swc-loader.js
<w> [webpack.cache.PackFileCacheStrategy] Caching failed for pack: Error: ENOENT: no such file or directory, lstat 'C:\Users\Administrator\PycharmProjects\Jarvis\packages\home\.next\server\vendor-chunks\get-nonce.js'
<w> [webpack.cache.PackFileCacheStrategy/webpack.FileSystemInfo] Resolving './vendor-chunks/get-nonce' in C:\Users\Administrator\PycharmProjects\Jarvis\packages\home\.next\server for build dependencies doesn't lead to expected result 'C:\Users\Administrator\PycharmProjects\Jarvis\packages\home\.next\server\vendor-chunks\get-nonce.js', but to 'Error: Can't resolve './vendor-chunks/get-nonce' in 'C:\Users\Administrator\PycharmProjects\Jarvis\packages\home\.next\server'' instead. Resolving dependencies are ignored for this path.
<w>  at resolve commonjs file ./vendor-chunks/get-nonce (expected C:\Users\Administrator\PycharmProjects\Jarvis\packages\home\.next\server\vendor-chunks\get-nonce.js)
<w>  at file dependencies C:\Users\Administrator\PycharmProjects\Jarvis\packages\home\.next\server\webpack-runtime.js
<w>  at file C:\Users\Administrator\PycharmProjects\Jarvis\packages\home\.next\server\webpack-runtime.js
<w>  at file dependencies C:\Users\Administrator\PycharmProjects\Jarvis\packages\home\.next\server\app\_not-found\page.js
<w>  at file C:\Users\Administrator\PycharmProjects\Jarvis\packages\home\.next\server\app\_not-found\page.js
<w>  at file dependencies C:\Users\Administrator\PycharmProjects\Jarvis\packages\home\node_modules\next\dist\server\require.js
<w>  at file C:\Users\Administrator\PycharmProjects\Jarvis\packages\home\node_modules\next\dist\server\require.js
<w>  at file dependencies C:\Users\Administrator\PycharmProjects\Jarvis\packages\home\node_modules\next\dist\server\load-components.js
<w>  at file C:\Users\Administrator\PycharmProjects\Jarvis\packages\home\node_modules\next\dist\server\load-components.js
<w>  at file dependencies C:\Users\Administrator\PycharmProjects\Jarvis\packages\home\node_modules\next\dist\build\utils.js
<w>  at file C:\Users\Administrator\PycharmProjects\Jarvis\packages\home\node_modules\next\dist\build\utils.js
<w>  at file dependencies C:\Users\Administrator\PycharmProjects\Jarvis\packages\home\node_modules\next\dist\build\webpack\loaders\next-app-loader.js
<w>  at file C:\Users\Administrator\PycharmProjects\Jarvis\packages\home\node_modules\next\dist\build\webpack\loaders\next-app-loader.js
<w>  at file dependencies C:\Users\Administrator\PycharmProjects\Jarvis\packages\home\node_modules\next\dist\compiled\loader-runner\LoaderRunner.js
<w>  at file C:\Users\Administrator\PycharmProjects\Jarvis\packages\home\node_modules\next\dist\compiled\loader-runner\LoaderRunner.js
<w>  at file dependencies C:\Users\Administrator\PycharmProjects\Jarvis\packages\home\node_modules\next\dist\compiled\webpack\bundle5.js
<w>  at file C:\Users\Administrator\PycharmProjects\Jarvis\packages\home\node_modules\next\dist\compiled\webpack\bundle5.js
<w>  at file dependencies C:\Users\Administrator\PycharmProjects\Jarvis\packages\home\node_modules\next\dist\compiled\webpack\webpack.js
<w>  at file C:\Users\Administrator\PycharmProjects\Jarvis\packages\home\node_modules\next\dist\compiled\webpack\webpack.js
<w>  at file dependencies C:\Users\Administrator\PycharmProjects\Jarvis\packages\home\node_modules\next\dist\build\webpack\plugins\define-env-plugin.js
<w>  at file C:\Users\Administrator\PycharmProjects\Jarvis\packages\home\node_modules\next\dist\build\webpack\plugins\define-env-plugin.js
<w>  at file dependencies C:\Users\Administrator\PycharmProjects\Jarvis\packages\home\node_modules\next\dist\build\swc\index.js
<w>  at file C:\Users\Administrator\PycharmProjects\Jarvis\packages\home\node_modules\next\dist\build\swc\index.js
<w>  at file dependencies C:\Users\Administrator\PycharmProjects\Jarvis\packages\home\node_modules\next\dist\build\webpack\loaders\next-barrel-loader.js
<w>  at file C:\Users\Administrator\PycharmProjects\Jarvis\packages\home\node_modules\next\dist\build\webpack\loaders\next-barrel-loader.js
<w>  at resolve commonjs C:\Users\Administrator\PycharmProjects\Jarvis\packages\home\node_modules\next\dist\build\webpack\loaders\next-barrel-loader.js
<w> [webpack.cache.PackFileCacheStrategy/webpack.FileSystemInfo] Resolving './vendor-chunks/clsx' in C:\Users\Administrator\PycharmProjects\Jarvis\packages\home\.next\server for build dependencies doesn't lead to expected result 'C:\Users\Administrator\PycharmProjects\Jarvis\packages\home\.next\server\vendor-chunks\clsx.js', but to 'Error: Can't resolve './vendor-chunks/clsx' in 'C:\Users\Administrator\PycharmProjects\Jarvis\packages\home\.next\server'' instead. Resolving dependencies are ignored for this path.
<w>  at resolve commonjs file ./vendor-chunks/clsx (expected C:\Users\Administrator\PycharmProjects\Jarvis\packages\home\.next\server\vendor-chunks\clsx.js)
<w>  at file dependencies C:\Users\Administrator\PycharmProjects\Jarvis\packages\home\.next\server\webpack-runtime.js
<w>  at file C:\Users\Administrator\PycharmProjects\Jarvis\packages\home\.next\server\webpack-runtime.js
<w>  at file dependencies C:\Users\Administrator\PycharmProjects\Jarvis\packages\home\.next\server\app\_not-found\page.js
<w>  at file C:\Users\Administrator\PycharmProjects\Jarvis\packages\home\.next\server\app\_not-found\page.js
<w>  at file dependencies C:\Users\Administrator\PycharmProjects\Jarvis\packages\home\node_modules\next\dist\server\require.js
<w>  at file C:\Users\Administrator\PycharmProjects\Jarvis\packages\home\node_modules\next\dist\server\require.js
<w>  at file dependencies C:\Users\Administrator\PycharmProjects\Jarvis\packages\home\node_modules\next\dist\server\load-components.js
<w>  at file C:\Users\Administrator\PycharmProjects\Jarvis\packages\home\node_modules\next\dist\server\load-components.js
<w>  at file dependencies C:\Users\Administrator\PycharmProjects\Jarvis\packages\home\node_modules\next\dist\build\utils.js
<w>  at file C:\Users\Administrator\PycharmProjects\Jarvis\packages\home\node_modules\next\dist\build\utils.js
<w>  at file dependencies C:\Users\Administrator\PycharmProjects\Jarvis\packages\home\node_modules\next\dist\build\webpack\loaders\next-app-loader.js
<w>  at file C:\Users\Administrator\PycharmProjects\Jarvis\packages\home\node_modules\next\dist\build\webpack\loaders\next-app-loader.js
<w>  at file dependencies C:\Users\Administrator\PycharmProjects\Jarvis\packages\home\node_modules\next\dist\compiled\loader-runner\LoaderRunner.js
<w>  at file C:\Users\Administrator\PycharmProjects\Jarvis\packages\home\node_modules\next\dist\compiled\loader-runner\LoaderRunner.js
<w>  at file dependencies C:\Users\Administrator\PycharmProjects\Jarvis\packages\home\node_modules\next\dist\compiled\webpack\bundle5.js
<w>  at file C:\Users\Administrator\PycharmProjects\Jarvis\packages\home\node_modules\next\dist\compiled\webpack\bundle5.js
<w>  at file dependencies C:\Users\Administrator\PycharmProjects\Jarvis\packages\home\node_modules\next\dist\compiled\webpack\webpack.js
<w>  at file C:\Users\Administrator\PycharmProjects\Jarvis\packages\home\node_modules\next\dist\compiled\webpack\webpack.js
<w>  at file dependencies C:\Users\Administrator\PycharmProjects\Jarvis\packages\home\node_modules\next\dist\build\webpack\plugins\define-env-plugin.js
<w>  at file C:\Users\Administrator\PycharmProjects\Jarvis\packages\home\node_modules\next\dist\build\webpack\plugins\define-env-plugin.js
<w>  at file dependencies C:\Users\Administrator\PycharmProjects\Jarvis\packages\home\node_modules\next\dist\build\swc\index.js
<w>  at file C:\Users\Administrator\PycharmProjects\Jarvis\packages\home\node_modules\next\dist\build\swc\index.js
<w>  at file dependencies C:\Users\Administrator\PycharmProjects\Jarvis\packages\home\node_modules\next\dist\build\webpack\loaders\next-barrel-loader.js
<w>  at file C:\Users\Administrator\PycharmProjects\Jarvis\packages\home\node_modules\next\dist\build\webpack\loaders\next-barrel-loader.js
<w>  at resolve commonjs C:\Users\Administrator\PycharmProjects\Jarvis\packages\home\node_modules\next\dist\build\webpack\loaders\next-barrel-loader.js
<w> [webpack.cache.PackFileCacheStrategy/webpack.FileSystemInfo] Resolving './vendor-chunks/motion-utils' in C:\Users\Administrator\PycharmProjects\Jarvis\packages\home\.next\server for build dependencies doesn't lead to expected result 'C:\Users\Administrator\PycharmProjects\Jarvis\packages\home\.next\server\vendor-chunks\motion-utils.js', but to 'Error: Can't resolve './vendor-chunks/motion-utils' in 'C:\Users\Administrator\PycharmProjects\Jarvis\packages\home\.next\server'' instead. Resolving dependencies are ignored for this path.
<w>  at resolve commonjs file ./vendor-chunks/motion-utils (expected C:\Users\Administrator\PycharmProjects\Jarvis\packages\home\.next\server\vendor-chunks\motion-utils.js)
<w>  at file dependencies C:\Users\Administrator\PycharmProjects\Jarvis\packages\home\.next\server\webpack-runtime.js
<w>  at file C:\Users\Administrator\PycharmProjects\Jarvis\packages\home\.next\server\webpack-runtime.js
<w>  at file dependencies C:\Users\Administrator\PycharmProjects\Jarvis\packages\home\.next\server\app\_not-found\page.js
<w>  at file C:\Users\Administrator\PycharmProjects\Jarvis\packages\home\.next\server\app\_not-found\page.js
<w>  at file dependencies C:\Users\Administrator\PycharmProjects\Jarvis\packages\home\node_modules\next\dist\server\require.js
<w>  at file C:\Users\Administrator\PycharmProjects\Jarvis\packages\home\node_modules\next\dist\server\require.js
<w>  at file dependencies C:\Users\Administrator\PycharmProjects\Jarvis\packages\home\node_modules\next\dist\server\load-components.js
<w>  at file C:\Users\Administrator\PycharmProjects\Jarvis\packages\home\node_modules\next\dist\server\load-components.js
<w>  at file dependencies C:\Users\Administrator\PycharmProjects\Jarvis\packages\home\node_modules\next\dist\build\utils.js
<w>  at file C:\Users\Administrator\PycharmProjects\Jarvis\packages\home\node_modules\next\dist\build\utils.js
<w>  at file dependencies C:\Users\Administrator\PycharmProjects\Jarvis\packages\home\node_modules\next\dist\build\webpack\loaders\next-app-loader.js
<w>  at file C:\Users\Administrator\PycharmProjects\Jarvis\packages\home\node_modules\next\dist\build\webpack\loaders\next-app-loader.js
<w>  at file dependencies C:\Users\Administrator\PycharmProjects\Jarvis\packages\home\node_modules\next\dist\compiled\loader-runner\LoaderRunner.js
<w>  at file C:\Users\Administrator\PycharmProjects\Jarvis\packages\home\node_modules\next\dist\compiled\loader-runner\LoaderRunner.js
<w>  at file dependencies C:\Users\Administrator\PycharmProjects\Jarvis\packages\home\node_modules\next\dist\compiled\webpack\bundle5.js
<w>  at file C:\Users\Administrator\PycharmProjects\Jarvis\packages\home\node_modules\next\dist\compiled\webpack\bundle5.js
<w>  at file dependencies C:\Users\Administrator\PycharmProjects\Jarvis\packages\home\node_modules\next\dist\compiled\webpack\webpack.js
<w>  at file C:\Users\Administrator\PycharmProjects\Jarvis\packages\home\node_modules\next\dist\compiled\webpack\webpack.js
<w>  at file dependencies C:\Users\Administrator\PycharmProjects\Jarvis\packages\home\node_modules\next\dist\build\webpack\plugins\define-env-plugin.js
<w>  at file C:\Users\Administrator\PycharmProjects\Jarvis\packages\home\node_modules\next\dist\build\webpack\plugins\define-env-plugin.js
<w>  at file dependencies C:\Users\Administrator\PycharmProjects\Jarvis\packages\home\node_modules\next\dist\build\swc\index.js
<w>  at file C:\Users\Administrator\PycharmProjects\Jarvis\packages\home\node_modules\next\dist\build\swc\index.js
<w>  at file dependencies C:\Users\Administrator\PycharmProjects\Jarvis\packages\home\node_modules\next\dist\build\webpack\loaders\next-barrel-loader.js
<w>  at file C:\Users\Administrator\PycharmProjects\Jarvis\packages\home\node_modules\next\dist\build\webpack\loaders\next-barrel-loader.js
<w>  at resolve commonjs C:\Users\Administrator\PycharmProjects\Jarvis\packages\home\node_modules\next\dist\build\webpack\loaders\next-barrel-loader.js
<w> [webpack.cache.PackFileCacheStrategy/webpack.FileSystemInfo] Resolving './vendor-chunks/@swc' in C:\Users\Administrator\PycharmProjects\Jarvis\packages\home\.next\server for build dependencies doesn't lead to expected result 'C:\Users\Administrator\PycharmProjects\Jarvis\packages\home\.next\server\vendor-chunks\@swc.js', but to 'Error: Can't resolve './vendor-chunks/@swc' in 'C:\Users\Administrator\PycharmProjects\Jarvis\packages\home\.next\server'' instead. Resolving dependencies are ignored for this path.
<w>  at resolve commonjs file ./vendor-chunks/@swc (expected C:\Users\Administrator\PycharmProjects\Jarvis\packages\home\.next\server\vendor-chunks\@swc.js)
<w>  at file dependencies C:\Users\Administrator\PycharmProjects\Jarvis\packages\home\.next\server\webpack-runtime.js
<w>  at file C:\Users\Administrator\PycharmProjects\Jarvis\packages\home\.next\server\webpack-runtime.js
<w>  at file dependencies C:\Users\Administrator\PycharmProjects\Jarvis\packages\home\.next\server\app\_not-found\page.js
<w>  at file C:\Users\Administrator\PycharmProjects\Jarvis\packages\home\.next\server\app\_not-found\page.js
<w>  at file dependencies C:\Users\Administrator\PycharmProjects\Jarvis\packages\home\node_modules\next\dist\server\require.js
<w>  at file C:\Users\Administrator\PycharmProjects\Jarvis\packages\home\node_modules\next\dist\server\require.js
<w>  at file dependencies C:\Users\Administrator\PycharmProjects\Jarvis\packages\home\node_modules\next\dist\server\load-components.js
<w>  at file C:\Users\Administrator\PycharmProjects\Jarvis\packages\home\node_modules\next\dist\server\load-components.js
<w>  at file dependencies C:\Users\Administrator\PycharmProjects\Jarvis\packages\home\node_modules\next\dist\build\utils.js
<w>  at file C:\Users\Administrator\PycharmProjects\Jarvis\packages\home\node_modules\next\dist\build\utils.js
<w>  at file dependencies C:\Users\Administrator\PycharmProjects\Jarvis\packages\home\node_modules\next\dist\build\webpack\loaders\next-app-loader.js
<w>  at file C:\Users\Administrator\PycharmProjects\Jarvis\packages\home\node_modules\next\dist\build\webpack\loaders\next-app-loader.js
<w>  at file dependencies C:\Users\Administrator\PycharmProjects\Jarvis\packages\home\node_modules\next\dist\compiled\loader-runner\LoaderRunner.js
<w>  at file C:\Users\Administrator\PycharmProjects\Jarvis\packages\home\node_modules\next\dist\compiled\loader-runner\LoaderRunner.js
<w>  at file dependencies C:\Users\Administrator\PycharmProjects\Jarvis\packages\home\node_modules\next\dist\compiled\webpack\bundle5.js
<w>  at file C:\Users\Administrator\PycharmProjects\Jarvis\packages\home\node_modules\next\dist\compiled\webpack\bundle5.js
<w>  at file dependencies C:\Users\Administrator\PycharmProjects\Jarvis\packages\home\node_modules\next\dist\compiled\webpack\webpack.js
<w>  at file C:\Users\Administrator\PycharmProjects\Jarvis\packages\home\node_modules\next\dist\compiled\webpack\webpack.js
<w>  at file dependencies C:\Users\Administrator\PycharmProjects\Jarvis\packages\home\node_modules\next\dist\build\webpack\plugins\define-env-plugin.js
<w>  at file C:\Users\Administrator\PycharmProjects\Jarvis\packages\home\node_modules\next\dist\build\webpack\plugins\define-env-plugin.js
<w>  at file dependencies C:\Users\Administrator\PycharmProjects\Jarvis\packages\home\node_modules\next\dist\build\swc\index.js
<w>  at file C:\Users\Administrator\PycharmProjects\Jarvis\packages\home\node_modules\next\dist\build\swc\index.js
<w>  at file dependencies C:\Users\Administrator\PycharmProjects\Jarvis\packages\home\node_modules\next\dist\build\webpack\loaders\next-barrel-loader.js
<w>  at file C:\Users\Administrator\PycharmProjects\Jarvis\packages\home\node_modules\next\dist\build\webpack\loaders\next-barrel-loader.js
<w>  at resolve commonjs C:\Users\Administrator\PycharmProjects\Jarvis\packages\home\node_modules\next\dist\build\webpack\loaders\next-barrel-loader.js
Watchpack Error (initial scan): Error: EINVAL: invalid argument, lstat 'C:\DumpStack.log.tmp'
Watchpack Error (initial scan): Error: EINVAL: invalid argument, lstat 'C:\System Volume Information'
Watchpack Error (initial scan): Error: EINVAL: invalid argument, lstat 'C:\hiberfil.sys'
Watchpack Error (initial scan): Error: EINVAL: invalid argument, lstat 'C:\pagefile.sys'
Watchpack Error (initial scan): Error: EINVAL: invalid argument, lstat 'C:\swapfile.sys'
Watchpack Error (initial scan): Error: EINVAL: invalid argument, lstat 'C:\DumpStack.log.tmp'
Watchpack Error (initial scan): Error: EINVAL: invalid argument, lstat 'C:\System Volume Information'
Watchpack Error (initial scan): Error: EINVAL: invalid argument, lstat 'C:\hiberfil.sys'
Watchpack Error (initial scan): Error: EINVAL: invalid argument, lstat 'C:\pagefile.sys'
Watchpack Error (initial scan): Error: EINVAL: invalid argument, lstat 'C:\swapfile.sys'
<w> [webpack.cache.PackFileCacheStrategy] Caching failed for pack: Error: ENOENT: no such file or directory, lstat 'C:\Users\Administrator\PycharmProjects\Jarvis\packages\home\.next\server\app\intelligence\page.js'
<w> [webpack.cache.PackFileCacheStrategy/webpack.FileSystemInfo] Resolving '../../../../.next/server/app/intelligence/page' in C:\Users\Administrator\PycharmProjects\Jarvis\packages\home\node_modules\next\dist\server for build dependencies doesn't lead to expected result 'C:\Users\Administrator\PycharmProjects\Jarvis\packages\home\.next\server\app\intelligence\page.js', but to 'Error: Can't resolve '../../../../.next/server/app/intelligence/page' in 'C:\Users\Administrator\PycharmProjects\Jarvis\packages\home\node_modules\next\dist\server'' instead. Resolving dependencies are ignored for this path.
<w>  at resolve commonjs file ../../../../.next/server/app/intelligence/page (expected C:\Users\Administrator\PycharmProjects\Jarvis\packages\home\.next\server\app\intelligence\page.js)
<w>  at file dependencies C:\Users\Administrator\PycharmProjects\Jarvis\packages\home\node_modules\next\dist\server\require.js
<w>  at file C:\Users\Administrator\PycharmProjects\Jarvis\packages\home\node_modules\next\dist\server\require.js
<w>  at file dependencies C:\Users\Administrator\PycharmProjects\Jarvis\packages\home\node_modules\next\dist\server\load-components.js
<w>  at file C:\Users\Administrator\PycharmProjects\Jarvis\packages\home\node_modules\next\dist\server\load-components.js
<w>  at file dependencies C:\Users\Administrator\PycharmProjects\Jarvis\packages\home\node_modules\next\dist\build\utils.js
<w>  at file C:\Users\Administrator\PycharmProjects\Jarvis\packages\home\node_modules\next\dist\build\utils.js
<w>  at file dependencies C:\Users\Administrator\PycharmProjects\Jarvis\packages\home\node_modules\next\dist\build\handle-externals.js
<w>  at file C:\Users\Administrator\PycharmProjects\Jarvis\packages\home\node_modules\next\dist\build\handle-externals.js
<w>  at file dependencies C:\Users\Administrator\PycharmProjects\Jarvis\packages\home\node_modules\next\dist\build\webpack\loaders\next-swc-loader.js
<w>  at file C:\Users\Administrator\PycharmProjects\Jarvis\packages\home\node_modules\next\dist\build\webpack\loaders\next-swc-loader.js
<w>  at resolve commonjs C:\Users\Administrator\PycharmProjects\Jarvis\packages\home\node_modules\next\dist\build\webpack\loaders\next-swc-loader.js
