2026-07-10 12:06:20,032 [INFO] bootstrap: JARVIS Platform 2.0 booting...
2026-07-10 12:06:20,037 [INFO] startup: Loading configuration...
2026-07-10 12:06:20,040 [INFO] startup: Configuration loaded (profile=development)
2026-07-10 12:06:20,041 [INFO] startup: Validating environment...
2026-07-10 12:06:20,046 [WARNING] startup: Environment: configuration - Default secret key in use
2026-07-10 12:06:20,047 [INFO] startup: Initializing kernel...
2026-07-10 12:06:20,049 [INFO] startup: Kernel initialized with 12 services
2026-07-10 12:06:20,050 [INFO] startup: Starting platform services...
2026-07-10 12:06:20,051 [INFO] startup:   [OK] Security Platform (security)
2026-07-10 12:06:20,052 [INFO] startup:   [OK] Memory Platform (memory)
2026-07-10 12:06:20,053 [INFO] startup:   [OK] Knowledge Platform (knowledge)
2026-07-10 12:06:20,056 [INFO] startup:   [OK] AI Runtime (ai)
2026-07-10 12:06:20,057 [INFO] startup:   [OK] Communication Platform (communication)
2026-07-10 12:06:20,058 [INFO] startup:   [OK] Automation Platform (automation)
2026-07-10 12:06:20,059 [INFO] startup:   [OK] Extension Platform (extensions)
2026-07-10 12:06:20,059 [INFO] startup:   [OK] Infrastructure Adapters (infrastructure)
2026-07-10 12:06:20,060 [INFO] startup:   [OK] Service Gateway (gateway)
2026-07-10 12:06:20,060 [INFO] startup:   [OK] Orchestration Engine (orchestration)
2026-07-10 12:06:20,060 [INFO] startup:   [OK] Agents Platform (agents)
2026-07-10 12:06:20,061 [INFO] startup:   [OK] Enterprise Platform (enterprise)
2026-07-10 12:06:20,061 [INFO] startup: Platform services started
2026-07-10 12:06:20,061 [INFO] runtime: Launching Gateway...
2026-07-10 12:06:20,072 [INFO] procman: [gateway] Started (PID 7856)
2026-07-10 12:06:20,081 [INFO] runtime: Launching Home...
2026-07-10 12:06:20,181 [INFO] procman: [home] Started (PID 18080)
2026-07-10 12:06:20,210 [INFO] runtime: Waiting for Gateway and Home to be ready...
2026-07-10 12:06:21,910 [INFO] procman: [home] > jarvis-home@0.1.0 dev
2026-07-10 12:06:21,911 [INFO] procman: [home] > next dev
2026-07-10 12:06:25,659 [INFO] procman: [gateway] INFO:     Started server process [14428]
2026-07-10 12:06:25,660 [INFO] procman: [gateway] INFO:     Waiting for application startup.
2026-07-10 12:06:25,661 [INFO] procman: [gateway] INFO:     Application startup complete.
2026-07-10 12:06:25,662 [INFO] procman: [gateway] INFO:     Uvicorn running on http://0.0.0.0:8000 (Press CTRL+C to quit)
2026-07-10 12:06:26,050 [INFO] procman: [gateway] INFO:     127.0.0.1:62983 - "GET /health HTTP/1.1" 200 OK
2026-07-10 12:06:26,411 [INFO] procman: [home]   ▲ Next.js 14.2.35
2026-07-10 12:06:26,411 [INFO] procman: [home]   - Local:        http://localhost:3000
2026-07-10 12:06:26,412 [INFO] procman: [home]  ✓ Starting...
2026-07-10 12:06:33,113 [INFO] procman: [home]  ✓ Ready in 7.4s
2026-07-10 12:06:33,847 [INFO] procman: [home]  ○ Compiling / ...
2026-07-10 12:06:41,409 [INFO] procman: [home] The user aborted a request.
2026-07-10 12:06:41,410 [INFO] procman: [home] Retrying 1/3...
2026-07-10 12:06:45,662 [INFO] procman: [home] The user aborted a request.
2026-07-10 12:06:45,663 [INFO] procman: [home] Retrying 2/3...
2026-07-10 12:07:03,012 [INFO] procman: [home]  ✓ Compiled / in 29.7s (1342 modules)
2026-07-10 12:07:03,874 [INFO] procman: [gateway] INFO:     127.0.0.1:63009 - "GET /health HTTP/1.1" 200 OK
2026-07-10 12:07:03,875 [INFO] procman: [home]  GET / 200 in 4957ms
2026-07-10 12:07:04,181 [INFO] runtime: All application processes ready
2026-07-10 12:07:04,182 [INFO] procman: [home]  GET / 200 in 123ms
2026-07-10 12:07:04,374 [INFO] procman: [home]  ✓ Compiled in 1285ms (675 modules)
2026-07-10 12:07:04,720 [INFO] procman: [home]  ✓ Compiled in 332ms (661 modules)
2026-07-10 12:07:04,775 [INFO] browser: Opened browser: http://localhost:3000

============================================================================
  JARVIS AI PLATFORM
  Version 2.0.0
============================================================================

  Loading Configuration...
  [OK]

  Initializing Kernel...
  Ready

  Loading Security Platform...
  [OK] security
  Loading Memory Platform...
  [OK] memory
  Loading Knowledge Platform...
  [OK] knowledge
  Loading AI Runtime...
  [OK] ai
  Loading Communication Platform...
  [OK] communication
  Loading Automation Platform...
  [OK] automation
  Loading Extension Platform...
  [OK] extensions
  Loading Infrastructure Adapters...
  [OK] infrastructure
  Loading Service Gateway...
  [OK] gateway
  Loading Orchestration Engine...
  [OK] orchestration
  Loading Agents Platform...
  [OK] agents
  Loading Enterprise Platform...
  [OK] enterprise

============================================================================
  JARVIS READY

  Gateway:
  http://localhost:8000

  Home:
  http://localhost:3000

  12 services  |  Gateway PID 7856 | Home PID 18080  |  44.71s
============================================================================

